INFO:     Started server process [13587]
INFO:     Waiting for application startup.
DO Spaces outbox not configured; background polling disabled
INFO:     Application startup complete.
INFO:     Uvicorn running on http://127.0.0.1:8000 (Press CTRL+C to quit)
INFO:     Shutting down
INFO:     Waiting for application shutdown.
INFO:     Application shutdown complete.
INFO:     Finished server process [13587]
INFO:     Started server process [90429]
INFO:     Waiting for application startup.
HF bucket outbox not configured; background polling disabled
HF_TOKEN not configured; HF dataset sync disabled
INFO:     Application startup complete.
INFO:     Uvicorn running on http://127.0.0.1:8000 (Press CTRL+C to quit)
HF_TOKEN not configured; models_hf background refresh disabled
INFO:     Shutting down
INFO:     Waiting for application shutdown.
INFO:     Application shutdown complete.
INFO:     Finished server process [90429]
error: Failed to spawn: `uvicorn`
  Caused by: No such file or directory (os error 2)
error: Failed to spawn: `uvicorn`
  Caused by: No such file or directory (os error 2)
error: Failed to spawn: `uvicorn`
  Caused by: No such file or directory (os error 2)
error: Failed to spawn: `uvicorn`
  Caused by: No such file or directory (os error 2)
error: Failed to spawn: `uvicorn`
  Caused by: No such file or directory (os error 2)
